// Jest Snapshot v1, https://goo.gl/fbAQLP

exports[`<PlayingTuneCard /> should render and match the snapshot 1`] = `
<body>
  <div>
    <div
      class="PlayingTuneCard__CustomPlayingTuneCard-p3qjdi-1 dLfwxa"
      data-testid="playing-tune-card"
    >
      <div
        class="ant-row"
      >
        <div
          class="ant-col ant-col-12"
        >
          <div>
            Perfect
          </div>
          <div>
            Ed
          </div>
        </div>
        <div
          class="ant-col ant-col-12"
        >
          <span
            aria-label="pause-circle"
            class="anticon anticon-pause-circle PlayingTuneCard__CustomPauseButton-p3qjdi-0 fISzHk"
            data-testid="btn1"
            role="img"
            tabindex="-1"
          >
            <svg
              aria-hidden="true"
              class=""
              data-icon="pause-circle"
              fill="currentColor"
              focusable="false"
              height="1em"
              viewBox="64 64 896 896"
              width="1em"
            >
              <path
                d="M512 64C264.6 64 64 264.6 64 512s200.6 448 448 448 448-200.6 448-448S759.4 64 512 64zm0 820c-205.4 0-372-166.6-372-372s166.6-372 372-372 372 166.6 372 372-166.6 372-372 372zm-88-532h-48c-4.4 0-8 3.6-8 8v304c0 4.4 3.6 8 8 8h48c4.4 0 8-3.6 8-8V360c0-4.4-3.6-8-8-8zm224 0h-48c-4.4 0-8 3.6-8 8v304c0 4.4 3.6 8 8 8h48c4.4 0 8-3.6 8-8V360c0-4.4-3.6-8-8-8z"
              />
            </svg>
          </span>
        </div>
      </div>
    </div>
  </div>
</body>
`;
